// Jest Snapshot v1, https://goo.gl/fbAQLP

exports[`LoginPage should render correctly when loading 1`] = `
<vcontainer-stub
  fill-height=""
  justify-center=""
>
  <vprogresscircular-stub
    color="primary"
    indeterminate=""
    size="64"
  />
</vcontainer-stub>
`;

exports[`LoginPage should render correctly when not loading 1`] = `
<vcontainer-stub
  fill-height=""
  justify-center=""
>
  <vlayout-stub
    align-center=""
    justify-center=""
  >
    <vflex-stub
      lg6=""
      md8=""
      sm10=""
      xl4=""
      xs12=""
    >
      <h1>
        Log in
      </h1>
       
      <vtextfield-stub
        label="Email"
      />
       
      <vtextfield-stub
        label="Password"
        type="password"
      />
       
      <vbtn-stub
        block=""
        color="primary"
      >
        
        Log in
      
      </vbtn-stub>
    </vflex-stub>
  </vlayout-stub>
</vcontainer-stub>
`;
